[18:06:57] [ServerMain/INFO]: [bootstrap] Running Java 21 (OpenJDK 64-Bit Server VM 21.0.7+6-LTS; Microsoft Microsoft-11369942) on Linux 6.8.0-1030-azure (amd64)
[18:06:57] [ServerMain/INFO]: [bootstrap] Loading Paper 1.21.8-60-main@29c8822 (2025-09-06T21:49:13Z) for Minecraft 1.21.8
[18:06:57] [ServerMain/INFO]: [PluginInitializerManager] Initializing plugins...
[18:06:58] [ServerMain/INFO]: [PluginInitializerManager] Initialized 0 plugins
[18:07:06] [ServerMain/INFO]: Environment: Environment[sessionHost=https://sessionserver.mojang.com, servicesHost=https://api.minecraftservices.com, name=PROD]
[18:07:10] [ServerMain/INFO]: Loaded 1407 recipes
[18:07:10] [ServerMain/INFO]: Loaded 1520 advancements
[18:07:10] [ServerMain/INFO]: [ca.spottedleaf.dataconverter.minecraft.datatypes.MCTypeRegistry] Initialising converters for DataConverter...
[18:07:11] [ServerMain/INFO]: [ca.spottedleaf.dataconverter.minecraft.datatypes.MCTypeRegistry] Finished initialising converters for DataConverter in 667.1ms
[18:07:11] [Server thread/INFO]: Starting minecraft server version 1.21.8
[18:07:11] [Server thread/INFO]: Loading properties
[18:07:11] [Server thread/INFO]: This server is running Paper version 1.21.8-60-main@29c8822 (2025-09-06T21:49:13Z) (Implementing API version 1.21.8-R0.1-SNAPSHOT)
[18:07:11] [Server thread/INFO]: [spark] This server bundles the spark profiler. For more information please visit https://docs.papermc.io/paper/profiling
[18:07:11] [Server thread/INFO]: Server Ping Player Sample Count: 12
[18:07:11] [Server thread/INFO]: Using 4 threads for Netty based IO
[18:07:13] [Server thread/INFO]: [MoonriseCommon] Paper is using 1 worker threads, 1 I/O threads
[18:07:13] [Server thread/INFO]: [ChunkTaskScheduler] Chunk system is using population gen parallelism: true
[18:07:13] [Server thread/INFO]: Default game type: SURVIVAL
[18:07:13] [Server thread/INFO]: Generating keypair
[18:07:13] [Server thread/INFO]: Starting Minecraft server on *:25565
[18:07:13] [Server thread/INFO]: Using epoll channel type
[18:07:13] [Server thread/INFO]: Paper: Using libdeflate (Linux x86_64) compression from Velocity.
[18:07:13] [Server thread/INFO]: Paper: Using OpenSSL 3.x.x (Linux x86_64) cipher from Velocity.
[18:07:13] [Server thread/INFO]: Server permissions file permissions.yml is empty, ignoring it
[18:07:13] [Server thread/WARN]: **** SERVER IS RUNNING IN OFFLINE/INSECURE MODE!
[18:07:13] [Server thread/WARN]: The server will make no attempt to authenticate usernames. Beware.
[18:07:13] [Server thread/WARN]: While this makes the game possible to play without internet access, it also opens up the ability for hackers to connect with any username they choose.
[18:07:13] [Server thread/WARN]: To change this, set "online-mode" to "true" in the server.properties file.
[18:07:13] [Server thread/INFO]: Preparing level "world"
[18:07:14] [Server thread/INFO]: Preparing start region for dimension minecraft:overworld
[18:07:15] [Server thread/INFO]: Preparing spawn area: 0%
[18:07:15] [Server thread/INFO]: Preparing spawn area: 0%
[18:07:16] [Server thread/INFO]: Preparing spawn area: 0%
[18:07:16] [Server thread/INFO]: Preparing spawn area: 0%
[18:07:16] [Server thread/INFO]: Preparing spawn area: 0%
[18:07:16] [Server thread/INFO]: Time elapsed: 2303 ms
[18:07:16] [Server thread/INFO]: Preparing start region for dimension minecraft:the_nether
[18:07:17] [Server thread/INFO]: Preparing spawn area: 0%
[18:07:17] [Server thread/INFO]: Time elapsed: 487 ms
[18:07:17] [Server thread/INFO]: Preparing start region for dimension minecraft:the_end
[18:07:17] [Server thread/INFO]: Preparing spawn area: 0%
[18:07:17] [Server thread/INFO]: Time elapsed: 345 ms
[18:07:18] [Server thread/INFO]: [spark] Starting background profiler...
[18:07:19] [Server thread/INFO]: Done preparing level "world" (5.577s)
[18:07:19] [Server thread/INFO]: Running delayed init tasks
[18:07:19] [Server thread/INFO]: Done (24.284s)! For help, type "help"
[18:12:15] [Server thread/INFO]: Unknown or incomplete command, see below for error
ststop<--[HERE]
[18:12:18] [Server thread/INFO]: Stopping the server
[18:12:18] [Server thread/INFO]: Stopping server
[18:12:18] [Server thread/INFO]: Saving players
[18:12:18] [Server thread/INFO]: Saving worlds
[18:12:18] [Server thread/INFO]: Saving chunks for level 'ServerLevel[world]'/minecraft:overworld
[18:12:18] [Server thread/INFO]: [ChunkHolderManager] Waiting 60s for chunk system to halt for world 'world'
[18:12:18] [Server thread/INFO]: [ChunkHolderManager] Halted chunk system for world 'world'
[18:12:18] [Server thread/INFO]: [ChunkHolderManager] Saving all chunkholders for world 'world'
[18:12:19] [Server thread/INFO]: [ChunkHolderManager] Saved 49 block chunks, 49 entity chunks, 0 poi chunks in world 'world' in 0.76s
[18:12:19] [Server thread/INFO]: [ChunkHolderManager] Waiting 60s for chunk I/O to halt for world 'world'
[18:12:19] [Server thread/INFO]: [ChunkHolderManager] Halted I/O scheduler for world 'world'
[18:12:19] [Server thread/INFO]: Saving chunks for level 'ServerLevel[world_nether]'/minecraft:the_nether
[18:12:19] [Server thread/INFO]: [ChunkHolderManager] Waiting 60s for chunk system to halt for world 'world_nether'
[18:12:19] [Server thread/INFO]: [ChunkHolderManager] Halted chunk system for world 'world_nether'
[18:12:19] [Server thread/INFO]: [ChunkHolderManager] Saving all chunkholders for world 'world_nether'
[18:12:19] [Server thread/INFO]: [ChunkHolderManager] Saved 49 block chunks, 49 entity chunks, 0 poi chunks in world 'world_nether' in 0.21s
[18:12:19] [Server thread/INFO]: [ChunkHolderManager] Waiting 60s for chunk I/O to halt for world 'world_nether'
[18:12:19] [Server thread/INFO]: [ChunkHolderManager] Halted I/O scheduler for world 'world_nether'
[18:12:19] [Server thread/INFO]: Saving chunks for level 'ServerLevel[world_the_end]'/minecraft:the_end
[18:12:19] [Server thread/INFO]: [ChunkHolderManager] Waiting 60s for chunk system to halt for world 'world_the_end'
[18:12:19] [Server thread/INFO]: [ChunkHolderManager] Halted chunk system for world 'world_the_end'
[18:12:19] [Server thread/INFO]: [ChunkHolderManager] Saving all chunkholders for world 'world_the_end'
[18:12:20] [Server thread/INFO]: [ChunkHolderManager] Saved 49 block chunks, 49 entity chunks, 0 poi chunks in world 'world_the_end' in 0.31s
[18:12:20] [Server thread/INFO]: [ChunkHolderManager] Waiting 60s for chunk I/O to halt for world 'world_the_end'
[18:12:20] [Server thread/INFO]: [ChunkHolderManager] Halted I/O scheduler for world 'world_the_end'
[18:12:20] [Server thread/INFO]: ThreadedAnvilChunkStorage (world): All chunks are saved
[18:12:20] [Server thread/INFO]: ThreadedAnvilChunkStorage (DIM-1): All chunks are saved
[18:12:20] [Server thread/INFO]: ThreadedAnvilChunkStorage (DIM1): All chunks are saved
[18:12:20] [Server thread/INFO]: ThreadedAnvilChunkStorage: All dimensions are saved
[18:12:20] [Server thread/INFO]: Waiting for all RegionFile I/O tasks to complete...
[18:12:20] [Server thread/INFO]: All RegionFile I/O tasks to complete
[18:12:20] [Server thread/INFO]: [MoonriseCommon] Awaiting termination of worker pool for up to 60s...
[18:12:20] [Server thread/INFO]: [MoonriseCommon] Awaiting termination of I/O pool for up to 60s...
